###############################################################################
#                                                                             #
# IAR ELF Linker V6.50.3.4676/W32 for ARM               19/Apr/2016  14:50:13 #
# Copyright 2007-2013 IAR Systems AB.                                         #
#                                                                             #
#    Output file  =  C:\Users\stjfk\Documents\stm_projects\znpshit\uart2530st #
#                    m\EWARM\uart2530stm Configuration\Exe\uart2530stm        #
#                    Configuration.out                                        #
#    Map file     =  C:\Users\stjfk\Documents\stm_projects\znpshit\uart2530st #
#                    m\EWARM\uart2530stm Configuration/List\uart2530stm       #
#                    Configuration.map                                        #
#    Command line =  "C:\Users\stjfk\Documents\stm_projects\znpshit\uart2530s #
#                    tm\EWARM\uart2530stm Configuration\Obj\constants.o"      #
#                    "C:\Users\stjfk\Documents\stm_projects\znpshit\uart2530s #
#                    tm\EWARM\uart2530stm Configuration\Obj\main.o"           #
#                    "C:\Users\stjfk\Documents\stm_projects\znpshit\uart2530s #
#                    tm\EWARM\uart2530stm Configuration\Obj\startup_stm32f103 #
#                    xb.o" "C:\Users\stjfk\Documents\stm_projects\znpshit\uar #
#                    t2530stm\EWARM\uart2530stm Configuration\Obj\stm32f1xx_h #
#                    al.o" "C:\Users\stjfk\Documents\stm_projects\znpshit\uar #
#                    t2530stm\EWARM\uart2530stm Configuration\Obj\stm32f1xx_h #
#                    al_cortex.o" "C:\Users\stjfk\Documents\stm_projects\znps #
#                    hit\uart2530stm\EWARM\uart2530stm                        #
#                    Configuration\Obj\stm32f1xx_hal_dma.o"                   #
#                    "C:\Users\stjfk\Documents\stm_projects\znpshit\uart2530s #
#                    tm\EWARM\uart2530stm Configuration\Obj\stm32f1xx_hal_fla #
#                    sh.o" "C:\Users\stjfk\Documents\stm_projects\znpshit\uar #
#                    t2530stm\EWARM\uart2530stm Configuration\Obj\stm32f1xx_h #
#                    al_flash_ex.o" "C:\Users\stjfk\Documents\stm_projects\zn #
#                    pshit\uart2530stm\EWARM\uart2530stm                      #
#                    Configuration\Obj\stm32f1xx_hal_gpio.o"                  #
#                    "C:\Users\stjfk\Documents\stm_projects\znpshit\uart2530s #
#                    tm\EWARM\uart2530stm Configuration\Obj\stm32f1xx_hal_gpi #
#                    o_ex.o" "C:\Users\stjfk\Documents\stm_projects\znpshit\u #
#                    art2530stm\EWARM\uart2530stm                             #
#                    Configuration\Obj\stm32f1xx_hal_msp.o"                   #
#                    "C:\Users\stjfk\Documents\stm_projects\znpshit\uart2530s #
#                    tm\EWARM\uart2530stm Configuration\Obj\stm32f1xx_hal_pwr #
#                    .o" "C:\Users\stjfk\Documents\stm_projects\znpshit\uart2 #
#                    530stm\EWARM\uart2530stm Configuration\Obj\stm32f1xx_hal #
#                    _rcc.o" "C:\Users\stjfk\Documents\stm_projects\znpshit\u #
#                    art2530stm\EWARM\uart2530stm                             #
#                    Configuration\Obj\stm32f1xx_hal_rcc_ex.o"                #
#                    "C:\Users\stjfk\Documents\stm_projects\znpshit\uart2530s #
#                    tm\EWARM\uart2530stm Configuration\Obj\stm32f1xx_hal_tim #
#                    .o" "C:\Users\stjfk\Documents\stm_projects\znpshit\uart2 #
#                    530stm\EWARM\uart2530stm Configuration\Obj\stm32f1xx_hal #
#                    _tim_ex.o" "C:\Users\stjfk\Documents\stm_projects\znpshi #
#                    t\uart2530stm\EWARM\uart2530stm                          #
#                    Configuration\Obj\stm32f1xx_hal_uart.o"                  #
#                    "C:\Users\stjfk\Documents\stm_projects\znpshit\uart2530s #
#                    tm\EWARM\uart2530stm Configuration\Obj\stm32f1xx_it.o"   #
#                    "C:\Users\stjfk\Documents\stm_projects\znpshit\uart2530s #
#                    tm\EWARM\uart2530stm Configuration\Obj\system_stm32f1xx. #
#                    o" --redirect _Printf=_PrintfFull --redirect             #
#                    _Scanf=_ScanfFull -o "C:\Users\stjfk\Documents\stm_proje #
#                    cts\znpshit\uart2530stm\EWARM\uart2530stm                #
#                    Configuration\Exe\uart2530stm Configuration.out" --map   #
#                    "C:\Users\stjfk\Documents\stm_projects\znpshit\uart2530s #
#                    tm\EWARM\uart2530stm Configuration/List\uart2530stm      #
#                    Configuration.map" --config                              #
#                    C:\Users\stjfk\Documents\stm_projects\znpshit\uart2530st #
#                    m\EWARM/stm32f103xb_flash.icf --semihosting --entry      #
#                    __iar_program_start --vfe                                #
#                                                                             #
#                                                                             #
###############################################################################

*******************************************************************************
*** RUNTIME MODEL ATTRIBUTES
***

CppFlavor                     = *
__Heap_Handler                = Basic
__SystemLibrary               = DLib
__dlib_dynamic_initialization = normal


*******************************************************************************
*** PLACEMENT SUMMARY
***

"A1":  place at 0x08000000 { ro section .intvec };
"P1":  place in [from 0x08000000 to 0x0801ffff] { ro };
"P2":  place in [from 0x20000000 to 0x20004fff] { rw, block CSTACK, block HEAP };

  Section             Kind        Address    Size  Object
  -------             ----        -------    ----  ------
"A1":                                        0xec
  .intvec             ro code  0x08000000    0xec  startup_stm32f103xb.o [1]
                             - 0x080000ec    0xec

"P1":                                      0x3ee0
  .text               ro code  0x080000ec  0x10c6  xprintffull.o [3]
  .text               ro code  0x080011b2    0x20  xmbtowc.o [3]
  .text               ro code  0x080011d2    0x22  zero_init3.o [5]
  .text               ro code  0x080011f4    0x16  strchr.o [5]
  .text               ro code  0x0800120c    0x36  strlen.o [5]
  .text               ro code  0x08001244    0x58  memchr.o [5]
  .text               ro code  0x0800129c     0xa  xmbcurmax.o [3]
  .text               ro code  0x080012a8    0xb0  xxmemxmalloc.o [3]
  .text               ro code  0x08001358    0x1a  xwctomb.o [3]
  .text               ro code  0x08001374    0x76  ABImemcpy.o [5]
  .text               ro code  0x080013ec    0x80  xxmemxfree.o [3]
  .text               ro code  0x0800146c    0xee  I64DivMod.o [5]
  .text               ro code  0x0800155c   0x1a2  DblMul.o [4]
  .text               ro code  0x080016fe    0x42  xdnorm.o [4]
  .text               ro code  0x08001740    0x2e  DblCmpLe.o [4]
  .text               ro code  0x08001770    0x2e  DblCmpGe.o [4]
  .text               ro code  0x080017a0   0x10c  xdscale.o [4]
  .text               ro code  0x080018ac    0x58  DblToI32.o [4]
  .text               ro code  0x08001904    0x30  I32ToDbl.o [4]
  .text               ro code  0x08001934   0x180  DblSub.o [4]
  .text               ro code  0x08001ab4   0x246  DblDiv.o [4]
  .text               ro code  0x08001cfc    0x6c  localeconv.o [3]
  .text               ro code  0x08001d68     0xe  div.o [3]
  .text               ro code  0x08001d78    0x14  setlocale.o [3]
  .text               ro code  0x08001d8c    0x60  xencoding_sb.o [3]
  .text               ro code  0x08001dec    0x2c  xgetmemchunk.o [3]
  .text               ro code  0x08001e18     0x2  I64DivZer.o [5]
  .text               ro code  0x08001e1c    0xd4  DblAdd.o [4]
  .text               ro code  0x08001ef0     0x2  xtls.o [3]
  .text               ro code  0x08001ef4   0x5c0  stm32f1xx_hal_rcc.o [1]
  .text               ro code  0x080024b4    0x74  stm32f1xx_hal.o [1]
  .text               ro code  0x08002528    0xf6  stm32f1xx_hal_cortex.o [1]
  .text               ro code  0x08002620   0x144  stm32f1xx_hal_msp.o [1]
  .text               ro code  0x08002764   0x1da  stm32f1xx_hal_gpio.o [1]
  .text               ro code  0x08002940   0x3c4  main.o [1]
  .text               ro code  0x08002d04    0x24  printf.o [3]
  .text               ro code  0x08002d28   0x388  stm32f1xx_hal_uart.o [1]
  .text               ro code  0x080030b0   0x34e  stm32f1xx_hal_tim.o [1]
  .text               ro code  0x08003400    0x5a  stm32f1xx_hal_tim_ex.o [1]
  .text               ro code  0x0800345c   0x184  stm32f1xx_it.o [1]
  .text               ro code  0x080035e0    0xe0  XShHandles.o [3]
  .text               ro code  0x080036c0    0xd6  xfspos.o [3]
  .text               ro code  0x08003798    0xb0  fflush.o [3]
  .text               ro code  0x08003848     0xc  xfgpos.o [3]
  .text               ro code  0x08003854    0x4c  lseek.o [6]
  .text               ro code  0x080038a0     0xc  errno.o [3]
  .text               ro code  0x080038ac     0x4  xsyslock_nop.o [3]
  .text               ro code  0x080038b0    0x10  write.o [6]
  .text               ro code  0x080038c0    0x1e  dwrite.o [6]
  .text               ro code  0x080038de    0x20  iarwstd.o [6]
  .text               ro code  0x080038fe    0x22  iarwrite.o [6]
  .text               ro code  0x08003920    0x6c  iarttio.o [6]
  .text               ro code  0x0800398c     0x8  XShttio.o [3]
  .text               ro code  0x08003994    0xb6  xfwprep.o [3]
  .text               ro code  0x08003a4a    0x22  fseek.o [3]
  .text               ro code  0x08003a6c    0xb0  packbits_init.o [5]
  .text               ro code  0x08003b1c     0x6  abort.o [3]
  .text               ro code  0x08003b24    0x14  exit.o [6]
  .text               ro code  0x08003b38    0x80  xfofind.o [3]
  .text               ro code  0x08003bb8    0x7a  fclose.o [3]
  .text               ro code  0x08003c32    0x1a  close.o [6]
  .text               ro code  0x08003c4c    0x16  remove.o [6]
  .text               ro code  0x08003c64    0x58  xcloseall.o [3]
  .text               ro code  0x08003cbc    0x56  fputc.o [3]
  .text               ro code  0x08003d14    0x4c  system_stm32f1xx.o [1]
  .text               ro code  0x08003d60    0x28  data_init.o [5]
  .iar.init_table     const    0x08003d88    0x2c  - Linker created -
  .text               ro code  0x08003db4    0x16  cmain.o [5]
  .text               ro code  0x08003dca     0x4  low_level_init.o [3]
  .text               ro code  0x08003dce     0x4  exit.o [3]
  .text               ro code  0x08003dd4     0xe  cexit.o [5]
  .text               ro code  0x08003de2    0x16  xprout.o [3]
  .text               ro code  0x08003df8     0xc  putchar.o [3]
  .text               ro code  0x08003e04    0x10  startup_stm32f103xb.o [1]
  .text               ro code  0x08003e14     0xc  cstartup_M.o [5]
  .text               ro code  0x08003e20     0x4  startup_stm32f103xb.o [1]
  .text               ro code  0x08003e24     0x4  startup_stm32f103xb.o [1]
  .text               ro code  0x08003e28     0x4  startup_stm32f103xb.o [1]
  .text               ro code  0x08003e2c     0x4  startup_stm32f103xb.o [1]
  .text               ro code  0x08003e30     0x4  startup_stm32f103xb.o [1]
  .text               ro code  0x08003e34     0x4  startup_stm32f103xb.o [1]
  .text               ro code  0x08003e38     0x4  startup_stm32f103xb.o [1]
  .text               ro code  0x08003e3c     0x4  startup_stm32f103xb.o [1]
  .text               ro code  0x08003e40     0x4  startup_stm32f103xb.o [1]
  .text               ro code  0x08003e44     0x4  startup_stm32f103xb.o [1]
  .text               ro code  0x08003e48     0x4  startup_stm32f103xb.o [1]
  .text               ro code  0x08003e4c     0x4  startup_stm32f103xb.o [1]
  .text               ro code  0x08003e50     0x4  startup_stm32f103xb.o [1]
  .text               ro code  0x08003e54     0x4  startup_stm32f103xb.o [1]
  .text               ro code  0x08003e58     0x4  startup_stm32f103xb.o [1]
  .text               ro code  0x08003e5c     0x4  startup_stm32f103xb.o [1]
  .text               ro code  0x08003e60     0x4  startup_stm32f103xb.o [1]
  .text               ro code  0x08003e64     0x4  startup_stm32f103xb.o [1]
  .text               ro code  0x08003e68     0x4  startup_stm32f103xb.o [1]
  .text               ro code  0x08003e6c     0x4  startup_stm32f103xb.o [1]
  .text               ro code  0x08003e70     0x4  startup_stm32f103xb.o [1]
  .text               ro code  0x08003e74     0x4  startup_stm32f103xb.o [1]
  .text               ro code  0x08003e78     0x4  startup_stm32f103xb.o [1]
  .text               ro code  0x08003e7c     0x4  startup_stm32f103xb.o [1]
  .text               ro code  0x08003e80     0x4  startup_stm32f103xb.o [1]
  .text               ro code  0x08003e84     0x4  startup_stm32f103xb.o [1]
  .text               ro code  0x08003e88     0x4  startup_stm32f103xb.o [1]
  .text               ro code  0x08003e8c     0x4  startup_stm32f103xb.o [1]
  .text               ro code  0x08003e90     0x4  startup_stm32f103xb.o [1]
  .text               ro code  0x08003e94     0x4  startup_stm32f103xb.o [1]
  .text               ro code  0x08003e98     0x4  startup_stm32f103xb.o [1]
  .text               ro code  0x08003e9c     0x4  startup_stm32f103xb.o [1]
  .text               ro code  0x08003ea0     0x4  startup_stm32f103xb.o [1]
  .text               ro code  0x08003ea4     0x4  startup_stm32f103xb.o [1]
  .text               ro code  0x08003ea8     0x4  startup_stm32f103xb.o [1]
  .text               ro code  0x08003eac     0x4  startup_stm32f103xb.o [1]
  .text               ro code  0x08003eb0     0x4  startup_stm32f103xb.o [1]
  .text               ro code  0x08003eb4     0x4  startup_stm32f103xb.o [1]
  .text               ro code  0x08003eb8     0x4  startup_stm32f103xb.o [1]
  .text               ro code  0x08003ebc     0x4  startup_stm32f103xb.o [1]
  .text               ro code  0x08003ec0     0x4  startup_stm32f103xb.o [1]
  .text               ro code  0x08003ec4     0x4  startup_stm32f103xb.o [1]
  .text               ro code  0x08003ec8     0x4  startup_stm32f103xb.o [1]
  .text               ro code  0x08003ecc     0x4  startup_stm32f103xb.o [1]
  .text               ro code  0x08003ed0     0x4  startup_stm32f103xb.o [1]
  .text               ro code  0x08003ed4     0x0  cstart_closeall.o [5]
  .rodata             const    0x08003ed4     0x0  zero_init3.o [5]
  .rodata             const    0x08003ed4     0x0  packbits_init.o [5]
  Initializer bytes   ro data  0x08003ed4    0xf8  <for P2 s0>
                             - 0x08003fcc  0x3ee0

"P2", part 1 of 3:                          0x2d8
  P2 s0                        0x20000000   0x2d8  <Init block>
    .data             inited   0x20000000    0xdc  main.o [1]
    __DLIB_PERTHREAD  inited   0x200000dc    0x88  localeconv.o [3]
    __DLIB_PERTHREAD  inited   0x20000164    0x74  setlocale.o [3]
    .data             inited   0x200001d8    0x40  xfiles.o [3]
    .data             inited   0x20000218    0x40  xfiles.o [3]
    .data             inited   0x20000258    0x40  xfiles.o [3]
    .data             inited   0x20000298    0x20  xfiles.o [3]
    .data             inited   0x200002b8    0x10  constants.o [1]
    .data             inited   0x200002c8     0x8  XShttio.o [3]
    .data             inited   0x200002d0     0x4  system_stm32f1xx.o [1]
    __DLIB_PERTHREAD  inited   0x200002d4     0x4  errno.o [3]
                             - 0x200002d8   0x2d8

"P2", part 2 of 3:                          0x3d0
  .bss                zero     0x200002d8   0x108  main.o [1]
  .bss                zero     0x200003e0   0x100  main.o [1]
  .bss                zero     0x200004e0    0x80  XShHandles.o [3]
  .bss                zero     0x20000560    0x78  main.o [1]
  .bss                zero     0x200005d8    0x50  xfiles.o [3]
  .bss                zero     0x20000628    0x50  xfiles.o [3]
  .bss                zero     0x20000678    0x20  stm32f1xx_it.o [1]
  .bss                zero     0x20000698     0x8  xxmemxmalloc.o [3]
  .bss                zero     0x200006a0     0x4  stm32f1xx_hal.o [1]
  .bss                zero     0x200006a4     0x4  xgetmemchunk.o [3]
                             - 0x200006a8   0x3d0

"P2", part 3 of 3:                          0x600
  CSTACK                       0x200006a8   0x400  <Block>
    CSTACK            uninit   0x200006a8   0x400  <Block tail>
  HEAP                         0x20000aa8   0x200  <Block>
    HEAP              uninit   0x20000aa8   0x200  <Block tail>
                             - 0x20000ca8   0x600


*******************************************************************************
*** INIT TABLE
***

          Address     Size
          -------     ----
Zero (__iar_zero_init3)
    1 destination range, total size 0x3d0:
          0x200002d8  0x3d0

Copy/packbits (__iar_packbits_init3)
    1 source range, total size 0xf8 (34% of destination):
          0x08003ed4   0xf8
    1 destination range, total size 0x2d8:
          0x20000000  0x2d8



*******************************************************************************
*** MODULE SUMMARY
***

    Module                  ro code  ro data  rw data
    ------                  -------  -------  -------
C:\Users\stjfk\Documents\stm_projects\znpshit\uart2530stm\EWARM\uart2530stm Configuration\Obj: [1]
    constants.o                            5       16
    main.o                      964       74      860
    startup_stm32f103xb.o       432
    stm32f1xx_hal.o             116                 4
    stm32f1xx_hal_cortex.o      246
    stm32f1xx_hal_gpio.o        474
    stm32f1xx_hal_msp.o         324
    stm32f1xx_hal_rcc.o       1 472
    stm32f1xx_hal_tim.o         846
    stm32f1xx_hal_tim_ex.o       90
    stm32f1xx_hal_uart.o        904
    stm32f1xx_it.o              388                32
    system_stm32f1xx.o           76        1        4
    -------------------------------------------------
    Total:                    6 332       80      916

command line: [2]
    -------------------------------------------------
    Total:

dl7M_tlf.a: [3]
    XShHandles.o                224               128
    XShttio.o                     8        3        8
    abort.o                       6
    div.o                        14
    errno.o                      12        2        4
    exit.o                        4
    fclose.o                    122
    fflush.o                    176
    fputc.o                      86
    fseek.o                      34
    localeconv.o                108       47      136
    low_level_init.o              4
    printf.o                     36
    putchar.o                    12
    setlocale.o                  20       39      116
    xcloseall.o                  88
    xencoding_sb.o               96
    xfgpos.o                     12
    xfiles.o                              77      384
    xfofind.o                   128
    xfspos.o                    214
    xfwprep.o                   182
    xgetmemchunk.o               44                 4
    xmbcurmax.o                  10
    xmbtowc.o                    32
    xprintffull.o             4 294
    xprout.o                     22
    xsyslock_nop.o                4
    xtls.o                        2
    xwctomb.o                    26
    xxmemxfree.o                128
    xxmemxmalloc.o              176                 8
    -------------------------------------------------
    Total:                    6 324      168      788

m7M_tl.a: [4]
    DblAdd.o                    212
    DblCmpGe.o                   46
    DblCmpLe.o                   46
    DblDiv.o                    582
    DblMul.o                    418
    DblSub.o                    384
    DblToI32.o                   88
    I32ToDbl.o                   48
    xdnorm.o                     66
    xdscale.o                   268
    -------------------------------------------------
    Total:                    2 158

rt7M_tl.a: [5]
    ABImemcpy.o                 118
    I64DivMod.o                 238
    I64DivZer.o                   2
    cexit.o                      14
    cmain.o                      22
    cstart_closeall.o
    cstartup_M.o                 12
    data_init.o                  40
    memchr.o                     88
    packbits_init.o             176
    strchr.o                     22
    strlen.o                     54
    zero_init3.o                 34
    -------------------------------------------------
    Total:                      820

shb_l.a: [6]
    close.o                      26
    dwrite.o                     30
    exit.o                       20
    iarttio.o                   108
    iarwrite.o                   34
    iarwstd.o                    32
    lseek.o                      76
    remove.o                     22
    write.o                      16
    -------------------------------------------------
    Total:                      364

    Gaps                         42
    Linker created                        44    1 536
-----------------------------------------------------
    Grand Total:             16 040      292    3 240


*******************************************************************************
*** ENTRY LIST
***

Entry                      Address   Size  Type      Object
-----                      -------   ----  ----      ------
?main                   0x08003db5         Code  Gb  cmain.o [5]
ADC1_2_IRQHandler       0x08003e85         Code  Wk  startup_stm32f103xb.o [1]
BusFault_Handler        0x08003e29         Code  Wk  startup_stm32f103xb.o [1]
CAN1_RX1_IRQHandler     0x08003e91         Code  Wk  startup_stm32f103xb.o [1]
CAN1_SCE_IRQHandler     0x08003e95         Code  Wk  startup_stm32f103xb.o [1]
CSTACK$$Base            0x200006a8          --   Gb  - Linker created -
CSTACK$$Limit           0x20000aa8          --   Gb  - Linker created -
DMA1_Channel1_IRQHandler
                        0x08003e69         Code  Wk  startup_stm32f103xb.o [1]
DMA1_Channel2_IRQHandler
                        0x08003e6d         Code  Wk  startup_stm32f103xb.o [1]
DMA1_Channel3_IRQHandler
                        0x08003e71         Code  Wk  startup_stm32f103xb.o [1]
DMA1_Channel4_IRQHandler
                        0x08003e75         Code  Wk  startup_stm32f103xb.o [1]
DMA1_Channel5_IRQHandler
                        0x08003e79         Code  Wk  startup_stm32f103xb.o [1]
DMA1_Channel6_IRQHandler
                        0x08003e7d         Code  Wk  startup_stm32f103xb.o [1]
DMA1_Channel7_IRQHandler
                        0x08003e81         Code  Wk  startup_stm32f103xb.o [1]
DebugMon_Handler        0x08003e35         Code  Wk  startup_stm32f103xb.o [1]
EXTI0_IRQHandler        0x08003e55         Code  Wk  startup_stm32f103xb.o [1]
EXTI15_10_IRQHandler    0x08003523   0x74  Code  Gb  stm32f1xx_it.o [1]
EXTI1_IRQHandler        0x08003e59         Code  Wk  startup_stm32f103xb.o [1]
EXTI2_IRQHandler        0x08003e5d         Code  Wk  startup_stm32f103xb.o [1]
EXTI3_IRQHandler        0x08003e61         Code  Wk  startup_stm32f103xb.o [1]
EXTI4_IRQHandler        0x08003e65         Code  Wk  startup_stm32f103xb.o [1]
EXTI9_5_IRQHandler      0x08003e99         Code  Wk  startup_stm32f103xb.o [1]
FLASH_IRQHandler        0x08003e4d         Code  Wk  startup_stm32f103xb.o [1]
HAL_Delay               0x08002509   0x18  Code  Wk  stm32f1xx_hal.o [1]
HAL_GPIO_EXTI_Callback  0x0800293d    0x2  Code  Wk  stm32f1xx_hal_gpio.o [1]
HAL_GPIO_EXTI_IRQHandler
                        0x080028ef   0x14  Code  Gb  stm32f1xx_hal_gpio.o [1]
HAL_GPIO_Init           0x08002765  0x176  Code  Gb  stm32f1xx_hal_gpio.o [1]
HAL_GPIO_ReadPin        0x080028db    0xc  Code  Gb  stm32f1xx_hal_gpio.o [1]
HAL_GPIO_WritePin       0x080028e7    0x8  Code  Gb  stm32f1xx_hal_gpio.o [1]
HAL_GetTick             0x08002503    0x6  Code  Wk  stm32f1xx_hal.o [1]
HAL_IncTick             0x080024f9    0xa  Code  Wk  stm32f1xx_hal.o [1]
HAL_Init                0x080024b5   0x20  Code  Gb  stm32f1xx_hal.o [1]
HAL_InitTick            0x080024d5   0x24  Code  Wk  stm32f1xx_hal.o [1]
HAL_MspInit             0x08002621   0x2c  Code  Gb  stm32f1xx_hal_msp.o [1]
HAL_NVIC_EnableIRQ      0x080025a9    0x6  Code  Gb  stm32f1xx_hal_cortex.o [1]
HAL_NVIC_SetPriority    0x08002567   0x42  Code  Gb  stm32f1xx_hal_cortex.o [1]
HAL_NVIC_SetPriorityGrouping
                        0x0800254d   0x1a  Code  Gb  stm32f1xx_hal_cortex.o [1]
HAL_RCC_CSSCallback     0x0800248d    0x2  Code  Wk  stm32f1xx_hal_rcc.o [1]
HAL_RCC_ClockConfig     0x08002207  0x19e  Code  Gb  stm32f1xx_hal_rcc.o [1]
HAL_RCC_GetHCLKFreq     0x08002405   0x1e  Code  Gb  stm32f1xx_hal_rcc.o [1]
HAL_RCC_GetPCLK1Freq    0x08002423   0x14  Code  Gb  stm32f1xx_hal_rcc.o [1]
HAL_RCC_GetPCLK2Freq    0x08002437   0x12  Code  Gb  stm32f1xx_hal_rcc.o [1]
HAL_RCC_GetSysClockFreq
                        0x080023b3   0x52  Code  Gb  stm32f1xx_hal_rcc.o [1]
HAL_RCC_NMI_IRQHandler  0x0800244f   0x14  Code  Gb  stm32f1xx_hal_rcc.o [1]
HAL_RCC_OscConfig       0x08001ef5  0x2ee  Code  Gb  stm32f1xx_hal_rcc.o [1]
HAL_SYSTICK_CLKSourceConfig
                        0x080025e7   0x14  Code  Gb  stm32f1xx_hal_cortex.o [1]
HAL_SYSTICK_Callback    0x0800261d    0x2  Code  Wk  stm32f1xx_hal_cortex.o [1]
HAL_SYSTICK_Config      0x080025bf   0x28  Code  Gb  stm32f1xx_hal_cortex.o [1]
HAL_SYSTICK_IRQHandler  0x08002615    0x8  Code  Gb  stm32f1xx_hal_cortex.o [1]
HAL_TIMEx_BreakCallback
                        0x08003459    0x2  Code  Wk  stm32f1xx_hal_tim_ex.o [1]
HAL_TIMEx_CommutationCallback
                        0x08003457    0x2  Code  Wk  stm32f1xx_hal_tim_ex.o [1]
HAL_TIMEx_MasterConfigSynchronization
                        0x0800340d   0x4a  Code  Gb  stm32f1xx_hal_tim_ex.o [1]
HAL_TIM_Base_Init       0x080030b1   0x1a  Code  Gb  stm32f1xx_hal_tim.o [1]
HAL_TIM_Base_MspInit    0x0800264d   0x5a  Code  Gb  stm32f1xx_hal_msp.o [1]
HAL_TIM_Base_Start_IT   0x080030cb   0x16  Code  Gb  stm32f1xx_hal_tim.o [1]
HAL_TIM_ConfigClockSource
                        0x0800324b   0xb4  Code  Gb  stm32f1xx_hal_tim.o [1]
HAL_TIM_IC_CaptureCallback
                        0x08003323    0x2  Code  Wk  stm32f1xx_hal_tim.o [1]
HAL_TIM_IRQHandler      0x08003101  0x14a  Code  Gb  stm32f1xx_hal_tim.o [1]
HAL_TIM_OC_DelayElapsedCallback
                        0x08003321    0x2  Code  Wk  stm32f1xx_hal_tim.o [1]
HAL_TIM_PWM_PulseFinishedCallback
                        0x08003325    0x2  Code  Wk  stm32f1xx_hal_tim.o [1]
HAL_TIM_PeriodElapsedCallback
                        0x0800331f    0x2  Code  Wk  stm32f1xx_hal_tim.o [1]
HAL_TIM_TriggerCallback
                        0x08003327    0x2  Code  Wk  stm32f1xx_hal_tim.o [1]
HAL_UART_ErrorCallback  0x08002f65    0x2  Code  Wk  stm32f1xx_hal_uart.o [1]
HAL_UART_IRQHandler     0x08002e53  0x112  Code  Gb  stm32f1xx_hal_uart.o [1]
HAL_UART_Init           0x08002d29   0x30  Code  Gb  stm32f1xx_hal_uart.o [1]
HAL_UART_MspInit        0x080026a7   0x96  Code  Gb  stm32f1xx_hal_msp.o [1]
HAL_UART_Receive_IT     0x08002de5   0x68  Code  Gb  stm32f1xx_hal_uart.o [1]
HAL_UART_RxCpltCallback
                        0x08002987   0xb4  Code  Gb  main.o [1]
HAL_UART_Transmit_IT    0x08002d91   0x54  Code  Gb  stm32f1xx_hal_uart.o [1]
HAL_UART_TxCpltCallback
                        0x08002975   0x12  Code  Gb  main.o [1]
HEAP$$Base              0x20000aa8          --   Gb  - Linker created -
HEAP$$Limit             0x20000ca8          --   Gb  - Linker created -
HardFault_Handler       0x08003e21         Code  Wk  startup_stm32f103xb.o [1]
I2C1_ER_IRQHandler      0x08003eb5         Code  Wk  startup_stm32f103xb.o [1]
I2C1_EV_IRQHandler      0x08003eb1         Code  Wk  startup_stm32f103xb.o [1]
I2C2_ER_IRQHandler      0x08003ebd         Code  Wk  startup_stm32f103xb.o [1]
I2C2_EV_IRQHandler      0x08003eb9         Code  Wk  startup_stm32f103xb.o [1]
InStream_Read           0x08003a6d   0x22  Code  Lc  packbits_init.o [5]
MemManage_Handler       0x08003e25         Code  Wk  startup_stm32f103xb.o [1]
NMI_Handler             0x0800345d    0x4  Code  Gb  stm32f1xx_it.o [1]
NVIC_GetPriorityGrouping
                        0x08002529    0xa  Code  Lc  stm32f1xx_hal_cortex.o [1]
NVIC_SetPriority        0x08002533   0x1a  Code  Lc  stm32f1xx_hal_cortex.o [1]
PVD_IRQHandler          0x08003e41         Code  Wk  startup_stm32f103xb.o [1]
PendSV_Handler          0x08003e39         Code  Wk  startup_stm32f103xb.o [1]
RCC_IRQHandler          0x08003e51         Code  Wk  startup_stm32f103xb.o [1]
RTC_Alarm_IRQHandler    0x08003ecd         Code  Wk  startup_stm32f103xb.o [1]
RTC_IRQHandler          0x08003e49         Code  Wk  startup_stm32f103xb.o [1]
Region$$Table$$Base     0x08003d88          --   Gb  - Linker created -
Region$$Table$$Limit    0x08003db4          --   Gb  - Linker created -
Reset_Handler           0x08003e05         Code  Wk  startup_stm32f103xb.o [1]
SETUP_1                 0x2000008c    0x8  Data  Gb  main.o [1]
SETUP_2                 0x20000094    0xc  Data  Gb  main.o [1]
SETUP_3                 0x200000a0   0x18  Data  Gb  main.o [1]
SETUP_4                 0x200000b8   0x1c  Data  Gb  main.o [1]
SETUP_START             0x200000d4    0x8  Data  Gb  main.o [1]
SPI1_IRQHandler         0x08003ec1         Code  Wk  startup_stm32f103xb.o [1]
SPI2_IRQHandler         0x08003ec5         Code  Wk  startup_stm32f103xb.o [1]
SVC_Handler             0x08003e31         Code  Wk  startup_stm32f103xb.o [1]
SYS_RESET_REQ           0x20000084    0x8  Data  Gb  main.o [1]
SysTick_Handler         0x08003461    0xe  Code  Gb  stm32f1xx_it.o [1]
SystemClock_Config      0x08002c9f   0x54  Code  Gb  main.o [1]
SystemCoreClock         0x200002d0    0x4  Data  Gb  system_stm32f1xx.o [1]
SystemInit              0x08003d15   0x3a  Code  Gb  system_stm32f1xx.o [1]
TAMPER_IRQHandler       0x08003e45         Code  Wk  startup_stm32f103xb.o [1]
TIM1_BRK_IRQHandler     0x08003e9d         Code  Wk  startup_stm32f103xb.o [1]
TIM1_CC_IRQHandler      0x08003ea9         Code  Wk  startup_stm32f103xb.o [1]
TIM1_TRG_COM_IRQHandler
                        0x08003ea5         Code  Wk  startup_stm32f103xb.o [1]
TIM1_UP_IRQHandler      0x08003ea1         Code  Wk  startup_stm32f103xb.o [1]
TIM2_IRQHandler         0x0800346f   0x4a  Code  Gb  stm32f1xx_it.o [1]
TIM3_IRQHandler         0x080034b9   0x5e  Code  Gb  stm32f1xx_it.o [1]
TIM4_IRQHandler         0x08003ead         Code  Wk  startup_stm32f103xb.o [1]
TIM_Base_SetConfig      0x08003329   0x56  Code  Gb  stm32f1xx_hal_tim.o [1]
TIM_ETR_SetConfig       0x080033eb   0x14  Code  Lc  stm32f1xx_hal_tim.o [1]
TIM_ITRx_SetConfig      0x080033db   0x10  Code  Lc  stm32f1xx_hal_tim.o [1]
TIM_TI1_ConfigInputStage
                        0x08003395   0x22  Code  Lc  stm32f1xx_hal_tim.o [1]
TIM_TI2_ConfigInputStage
                        0x080033b7   0x24  Code  Lc  stm32f1xx_hal_tim.o [1]
UART_Receive_IT         0x08002f67   0xa0  Code  Lc  stm32f1xx_hal_uart.o [1]
UART_SetConfig          0x08003007   0x9e  Code  Lc  stm32f1xx_hal_uart.o [1]
USART1_IRQHandler       0x08003517    0x6  Code  Gb  stm32f1xx_it.o [1]
USART2_IRQHandler       0x0800351d    0x6  Code  Gb  stm32f1xx_it.o [1]
USART3_IRQHandler       0x08003ec9         Code  Wk  startup_stm32f103xb.o [1]
USBWakeUp_IRQHandler    0x08003ed1         Code  Wk  startup_stm32f103xb.o [1]
USB_HP_CAN1_TX_IRQHandler
                        0x08003e89         Code  Wk  startup_stm32f103xb.o [1]
USB_LP_CAN1_RX0_IRQHandler
                        0x08003e8d         Code  Wk  startup_stm32f103xb.o [1]
UsageFault_Handler      0x08003e2d         Code  Wk  startup_stm32f103xb.o [1]
WWDG_IRQHandler         0x08003e3d         Code  Wk  startup_stm32f103xb.o [1]
_Close_all              0x08003c65   0x58  Code  Gb  xcloseall.o [3]
_EncodingSb_Mbtowc      0x08001da7   0x30  Code  Gb  xencoding_sb.o [3]
_EncodingSb_Wctomb      0x08001d8d   0x1a  Code  Gb  xencoding_sb.o [3]
_Files                  0x20000298   0x20  Data  Gb  xfiles.o [3]
_Fofree                 0x08003b39   0x7a  Code  Gb  xfofind.o [3]
_Fspos                  0x080036c1   0xd6  Code  Gb  xfspos.o [3]
_Fwprep                 0x08003995   0xb6  Code  Gb  xfwprep.o [3]
_GenldFull              0x08000f21  0x248  Code  Lc  xprintffull.o [3]
_IsdstStr               0x20000168    0x4  Data  Gb  setlocale.o [3]
_LdtobFull              0x08000b59  0x3c2  Code  Lc  xprintffull.o [3]
_LitobFull              0x080009fb  0x10c  Code  Lc  xprintffull.o [3]
_LocaleEncoding         0x08001d79    0xe  Code  Gb  setlocale.o [3]
_LocaleReturnString     0x20000188   0x50  Data  Lc  setlocale.o [3]
_Locale_Profile         0x2000016c   0x1c  Data  Gb  setlocale.o [3]
_Locale_aeabi_lconv     0x2000012c   0x38  Data  Gb  localeconv.o [3]
_Locale_lconv           0x200000dc   0x50  Data  Gb  localeconv.o [3]
_Mbtowc                 0x080011b3   0x20  Code  Gb  xmbtowc.o [3]
_Nnl                    0x08003849    0xc  Code  Gb  xfgpos.o [3]
_PrintfFull             0x080000ed  0x5b6  Code  Gb  xprintffull.o [3]
_Prout                  0x08003de3   0x16  Code  Gb  xprout.o [3]
_PutcharsFull           0x08001169   0x2e  Code  Lc  xprintffull.o [3]
_PutstrFull             0x080006b9  0x33c  Code  Lc  xprintffull.o [3]
_TzoneStr               0x20000164    0x4  Data  Gb  setlocale.o [3]
_Wctomb                 0x08001359   0x1a  Code  Gb  xwctomb.o [3]
__aeabi_cdcmple         0x08001741         Code  Gb  DblCmpLe.o [4]
__aeabi_cdrcmple        0x08001771         Code  Gb  DblCmpGe.o [4]
__aeabi_d2iz            0x080018ad         Code  Gb  DblToI32.o [4]
__aeabi_d2uiz           0x080018d9         Code  Gb  DblToI32.o [4]
__aeabi_ddiv            0x08001ab5         Code  Gb  DblDiv.o [4]
__aeabi_dmul            0x0800155d         Code  Gb  DblMul.o [4]
__aeabi_dsub            0x08001935         Code  Gb  DblSub.o [4]
__aeabi_errno_addr      0x080038a1    0x6  Code  Gb  errno.o [3]
__aeabi_i2d             0x08001905         Code  Gb  I32ToDbl.o [4]
__aeabi_ldiv0           0x08001e19         Code  Gb  I64DivZer.o [5]
__aeabi_memcpy          0x08001375         Code  Gb  ABImemcpy.o [5]
__aeabi_memcpy4         0x08001395         Code  Gb  ABImemcpy.o [5]
__aeabi_memcpy8         0x08001395         Code  Gb  ABImemcpy.o [5]
__aeabi_ui2d            0x08001919         Code  Gb  I32ToDbl.o [4]
__aeabi_uldivmod        0x0800146d         Code  Gb  I64DivMod.o [5]
__cexit_closeall        0x08003dd7         Code  Gb  cexit.o [5]
__close                 0x08003c33   0x1a  Code  Gb  close.o [6]
__cmain                 0x08003db5         Code  Gb  cmain.o [5]
__cstart_closeall       0x08003ed4         Data  Gb  cstart_closeall.o [5]
__data_Aldata           0x20000698    0x8  Data  Gb  xxmemxmalloc.o [3]
__data_GetMemChunk      0x08001ded   0x2c  Code  Gb  xgetmemchunk.o [3]
__dwrite                0x080038c1   0x1e  Code  Gb  dwrite.o [6]
__exit                  0x08003b25   0x14  Code  Gb  exit.o [6]
__iar_Dnorm             0x080016ff   0x42  Code  Gb  xdnorm.o [4]
__iar_Dscale            0x080017a1  0x10c  Code  Gb  xdscale.o [4]
__iar_Errno             0x200002d4    0x4  Data  Gb  errno.o [3]
__iar_Locale_lconv_init
                        0x08001cfd   0x3a  Code  Gb  localeconv.o [3]
__iar_Lockfilelock      0x080038ad    0x2  Code  Gb  xsyslock_nop.o [3]
__iar_Mbcurmax          0x0800129d    0xa  Code  Gb  xmbcurmax.o [3]
__iar_Memchr            0x08001245         Code  Gb  memchr.o [5]
__iar_Stderr            0x20000258   0x40  Data  Gb  xfiles.o [3]
__iar_Stdin             0x200001d8   0x40  Data  Gb  xfiles.o [3]
__iar_Stdout            0x20000218   0x40  Data  Gb  xfiles.o [3]
__iar_Strchr            0x080011f5         Code  Gb  strchr.o [5]
__iar_Unlockfilelock    0x080038af    0x2  Code  Gb  xsyslock_nop.o [3]
__iar_close_ttio        0x08003921   0x2e  Code  Gb  iarttio.o [6]
__iar_d2uiz             0x080018e5         Code  Gb  DblToI32.o [4]
__iar_dadd              0x08001e1d         Code  Gb  DblAdd.o [4]
__iar_data_init3        0x08003d61   0x28  Code  Gb  data_init.o [5]
__iar_dlib_perthread_access
                        0x08001ef1    0x2  Code  Gb  xtls.o [3]
__iar_dsub              0x08001949         Code  Gb  DblSub.o [4]
__iar_dsubStart         0x0800195b         Code  Gb  DblSub.o [4]
__iar_get_ttio          0x08003951   0x38  Code  Gb  iarttio.o [6]
__iar_lookup_ttioh      0x0800398d    0x8  Code  Gb  XShttio.o [3]
__iar_packbits_init3    0x08003a8f   0x8e  Code  Gb  packbits_init.o [5]
__iar_program_start     0x08003e15         Code  Gb  cstartup_M.o [5]
__iar_sh_Discard        0x080035e1   0x48  Code  Gb  XShHandles.o [3]
__iar_sh_Move           0x08003629   0x4c  Code  Gb  XShHandles.o [3]
__iar_sh_Pos            0x08003675   0x44  Code  Gb  XShHandles.o [3]
__iar_sh_stdout         0x080038df   0x20  Code  Gb  iarwstd.o [6]
__iar_sh_write          0x080038ff   0x22  Code  Gb  iarwrite.o [6]
__iar_ttio_handles      0x200002c8    0x8  Data  Lc  XShttio.o [3]
__iar_ui2d              0x0800191d         Code  Gb  I32ToDbl.o [4]
__iar_zero_init3        0x080011d3   0x22  Code  Gb  zero_init3.o [5]
__low_level_init        0x08003dcb    0x4  Code  Gb  low_level_init.o [3]
__lseek                 0x08003855   0x4c  Code  Gb  lseek.o [6]
__vector_table          0x08000000         Data  Gb  startup_stm32f103xb.o [1]
__write                 0x080038b1   0x10  Code  Gb  write.o [6]
_call_main              0x08003dc1         Code  Gb  cmain.o [5]
_exit                   0x08003dd5         Code  Gb  cexit.o [5]
_main                   0x08003dc7         Code  Gb  cmain.o [5]
aAPBAHBPrescTable       0x080024a4   0x10  Data  Gb  stm32f1xx_hal_rcc.o [1]
abort                   0x08003b1d    0x6  Code  Gb  abort.o [3]
awesome_print           0x08002941   0x1e  Code  Gb  main.o [1]
calcFCS                 0x0800295f   0x16  Code  Gb  main.o [1]
counter_tim3            0x20000680    0x4  Data  Gb  stm32f1xx_it.o [1]
cts                     0x20000000    0x1  Data  Gb  main.o [1]
div                     0x08001d69    0xe  Code  Gb  div.o [3]
ebuf                    0x200005d8   0x50  Data  Lc  xfiles.o [3]
exit                    0x08003dcf    0x4  Code  Gb  exit.o [3]
fclose                  0x08003bb9   0x7a  Code  Gb  fclose.o [3]
fflush                  0x0800380f   0x34  Code  Gb  fflush.o [3]
fflushOne               0x08003799   0x76  Code  Lc  fflush.o [3]
fputc                   0x08003cbd   0x56  Code  Gb  fputc.o [3]
free                    0x080013ed   0x7a  Code  Gb  xxmemxfree.o [3]
fseek                   0x08003a4b   0x22  Code  Gb  fseek.o [3]
gff                     0x200002dc  0x100  Data  Gb  main.o [1]
gff_len                 0x200002d8    0x1  Data  Gb  main.o [1]
htim2                   0x20000560   0x3c  Data  Gb  main.o [1]
htim3                   0x2000059c   0x3c  Data  Gb  main.o [1]
huart1                  0x20000004   0x40  Data  Gb  main.o [1]
huart2                  0x20000044   0x40  Data  Gb  main.o [1]
impulse_counter         0x20000688   0x10  Data  Gb  stm32f1xx_it.o [1]
iter                    0x200003dc    0x4  Data  Gb  main.o [1]
k_imp                   0x200002b8   0x10  Data  Gb  constants.o [1]
localeconv              0x08001d37   0x16  Code  Gb  localeconv.o [3]
main                    0x08002aa7  0x1b8  Code  Gb  main.o [1]
malloc                  0x080012a9   0xac  Code  Gb  xxmemxmalloc.o [3]
memchr                  0x08001245         Code  Gb  memchr.o [5]
obuf                    0x20000628   0x50  Data  Lc  xfiles.o [3]
perform_setup           0x08002a3d   0x6a  Code  Gb  main.o [1]
pins                    0x20000678    0x4  Data  Gb  stm32f1xx_it.o [1]
printf                  0x08002d05   0x24  Code  Gb  printf.o [3]
putchar                 0x08003df9    0xc  Code  Gb  putchar.o [3]
receive_buffer_1        0x200003e0  0x100  Data  Gb  main.o [1]
remove                  0x08003c4d   0x16  Code  Gb  remove.o [6]
sFileInfo               0x200004e0   0x80  Data  Lc  XShHandles.o [3]
s_state                 0x20000001    0x1  Data  Gb  main.o [1]
scale                   0x08000b0d   0x46  Code  Lc  xprintffull.o [3]
state                   0x200002d9    0x1  Data  Gb  main.o [1]
state_ioint             0x20000684    0x4  Data  Gb  stm32f1xx_it.o [1]
state_tim2              0x2000067c    0x1  Data  Gb  stm32f1xx_it.o [1]
strchr                  0x080011f5         Code  Gb  strchr.o [5]
strlen                  0x0800120d         Code  Gb  strlen.o [5]
uwTick                  0x200006a0    0x4  Data  Lc  stm32f1xx_hal.o [1]


[1] = C:\Users\stjfk\Documents\stm_projects\znpshit\uart2530stm\EWARM\uart2530stm Configuration\Obj
[2] = command line
[3] = dl7M_tlf.a
[4] = m7M_tl.a
[5] = rt7M_tl.a
[6] = shb_l.a

  16 040 bytes of readonly  code memory
     292 bytes of readonly  data memory
   3 240 bytes of readwrite data memory

Errors: none
Warnings: none
