###############################################################################
#                                                                             #
# IAR ELF Linker V6.50.3.4676/W32 for ARM               16/Mar/2016  19:43:34 #
# Copyright 2007-2013 IAR Systems AB.                                         #
#                                                                             #
#    Output file  =  C:\Users\stjfk\Documents\stm_projects\znpshit\uart2530st #
#                    m\EWARM\uart2530stm Configuration\Exe\uart2530stm        #
#                    Configuration.out                                        #
#    Map file     =  C:\Users\stjfk\Documents\stm_projects\znpshit\uart2530st #
#                    m\EWARM\uart2530stm Configuration/List\uart2530stm       #
#                    Configuration.map                                        #
#    Command line =  "C:\Users\stjfk\Documents\stm_projects\znpshit\uart2530s #
#                    tm\EWARM\uart2530stm Configuration\Obj\main.o"           #
#                    "C:\Users\stjfk\Documents\stm_projects\znpshit\uart2530s #
#                    tm\EWARM\uart2530stm Configuration\Obj\startup_stm32f103 #
#                    xb.o" "C:\Users\stjfk\Documents\stm_projects\znpshit\uar #
#                    t2530stm\EWARM\uart2530stm Configuration\Obj\stm32f1xx_h #
#                    al.o" "C:\Users\stjfk\Documents\stm_projects\znpshit\uar #
#                    t2530stm\EWARM\uart2530stm Configuration\Obj\stm32f1xx_h #
#                    al_cortex.o" "C:\Users\stjfk\Documents\stm_projects\znps #
#                    hit\uart2530stm\EWARM\uart2530stm                        #
#                    Configuration\Obj\stm32f1xx_hal_dma.o"                   #
#                    "C:\Users\stjfk\Documents\stm_projects\znpshit\uart2530s #
#                    tm\EWARM\uart2530stm Configuration\Obj\stm32f1xx_hal_fla #
#                    sh.o" "C:\Users\stjfk\Documents\stm_projects\znpshit\uar #
#                    t2530stm\EWARM\uart2530stm Configuration\Obj\stm32f1xx_h #
#                    al_flash_ex.o" "C:\Users\stjfk\Documents\stm_projects\zn #
#                    pshit\uart2530stm\EWARM\uart2530stm                      #
#                    Configuration\Obj\stm32f1xx_hal_gpio.o"                  #
#                    "C:\Users\stjfk\Documents\stm_projects\znpshit\uart2530s #
#                    tm\EWARM\uart2530stm Configuration\Obj\stm32f1xx_hal_gpi #
#                    o_ex.o" "C:\Users\stjfk\Documents\stm_projects\znpshit\u #
#                    art2530stm\EWARM\uart2530stm                             #
#                    Configuration\Obj\stm32f1xx_hal_msp.o"                   #
#                    "C:\Users\stjfk\Documents\stm_projects\znpshit\uart2530s #
#                    tm\EWARM\uart2530stm Configuration\Obj\stm32f1xx_hal_pwr #
#                    .o" "C:\Users\stjfk\Documents\stm_projects\znpshit\uart2 #
#                    530stm\EWARM\uart2530stm Configuration\Obj\stm32f1xx_hal #
#                    _rcc.o" "C:\Users\stjfk\Documents\stm_projects\znpshit\u #
#                    art2530stm\EWARM\uart2530stm                             #
#                    Configuration\Obj\stm32f1xx_hal_rcc_ex.o"                #
#                    "C:\Users\stjfk\Documents\stm_projects\znpshit\uart2530s #
#                    tm\EWARM\uart2530stm Configuration\Obj\stm32f1xx_hal_tim #
#                    .o" "C:\Users\stjfk\Documents\stm_projects\znpshit\uart2 #
#                    530stm\EWARM\uart2530stm Configuration\Obj\stm32f1xx_hal #
#                    _tim_ex.o" "C:\Users\stjfk\Documents\stm_projects\znpshi #
#                    t\uart2530stm\EWARM\uart2530stm                          #
#                    Configuration\Obj\stm32f1xx_hal_uart.o"                  #
#                    "C:\Users\stjfk\Documents\stm_projects\znpshit\uart2530s #
#                    tm\EWARM\uart2530stm Configuration\Obj\stm32f1xx_it.o"   #
#                    "C:\Users\stjfk\Documents\stm_projects\znpshit\uart2530s #
#                    tm\EWARM\uart2530stm Configuration\Obj\system_stm32f1xx. #
#                    o" --redirect _Printf=_PrintfFull --redirect             #
#                    _Scanf=_ScanfFull -o "C:\Users\stjfk\Documents\stm_proje #
#                    cts\znpshit\uart2530stm\EWARM\uart2530stm                #
#                    Configuration\Exe\uart2530stm Configuration.out" --map   #
#                    "C:\Users\stjfk\Documents\stm_projects\znpshit\uart2530s #
#                    tm\EWARM\uart2530stm Configuration/List\uart2530stm      #
#                    Configuration.map" --config                              #
#                    C:\Users\stjfk\Documents\stm_projects\znpshit\uart2530st #
#                    m\EWARM/stm32f103xb_flash.icf --semihosting --entry      #
#                    __iar_program_start --vfe                                #
#                                                                             #
#                                                                             #
###############################################################################

*******************************************************************************
*** RUNTIME MODEL ATTRIBUTES
***

CppFlavor                     = *
__Heap_Handler                = Basic
__SystemLibrary               = DLib
__dlib_dynamic_initialization = normal


*******************************************************************************
*** PLACEMENT SUMMARY
***

"A1":  place at 0x08000000 { ro section .intvec };
"P1":  place in [from 0x08000000 to 0x0801ffff] { ro };
"P2":  place in [from 0x20000000 to 0x20004fff] { rw, block CSTACK, block HEAP };

  Section            Kind        Address    Size  Object
  -------            ----        -------    ----  ------
"A1":                                       0xec
  .intvec            ro code  0x08000000    0xec  startup_stm32f103xb.o [1]
                            - 0x080000ec    0xec

"P1":                                     0x1850
  .text              ro code  0x080000ec   0x5c0  stm32f1xx_hal_rcc.o [1]
  .text              ro code  0x080006ac    0x74  stm32f1xx_hal.o [1]
  .text              ro code  0x08000720    0x76  ABImemcpy.o [5]
  .text              ro code  0x08000796    0x2e  copy_init3.o [5]
  .text              ro code  0x080007c4    0xf6  stm32f1xx_hal_cortex.o [1]
  .text              ro code  0x080008ba    0x22  zero_init3.o [5]
  .text              ro code  0x080008dc   0x11c  stm32f1xx_hal_msp.o [1]
  .text              ro code  0x080009f8   0x1da  stm32f1xx_hal_gpio.o [1]
  .text              ro code  0x08000bd4   0x388  stm32f1xx_hal_uart.o [1]
  .text              ro code  0x08000f5c   0x308  main.o [1]
  .text              ro code  0x08001264   0x34e  stm32f1xx_hal_tim.o [1]
  .text              ro code  0x080015b4    0x5a  stm32f1xx_hal_tim_ex.o [1]
  .text              ro code  0x08001610    0x6a  stm32f1xx_it.o [1]
  .text              ro code  0x0800167c    0x4c  system_stm32f1xx.o [1]
  .text              ro code  0x080016c8    0x30  iarttio.o [6]
  .text              ro code  0x080016f8     0x8  XShttio.o [3]
  .text              ro code  0x08001700    0x28  data_init.o [5]
  .iar.init_table    const    0x08001728    0x24  - Linker created -
  .text              ro code  0x0800174c    0x16  cmain.o [5]
  .text              ro code  0x08001762     0x4  low_level_init.o [3]
  .text              ro code  0x08001766     0x4  exit.o [3]
  .text              ro code  0x0800176c     0xa  cexit.o [5]
  .text              ro code  0x08001778    0x14  exit.o [6]
  .text              ro code  0x0800178c    0x10  startup_stm32f103xb.o [1]
  .text              ro code  0x0800179c     0xc  cstartup_M.o [5]
  .text              ro code  0x080017a8     0x4  startup_stm32f103xb.o [1]
  .text              ro code  0x080017ac     0x4  startup_stm32f103xb.o [1]
  .text              ro code  0x080017b0     0x4  startup_stm32f103xb.o [1]
  .text              ro code  0x080017b4     0x4  startup_stm32f103xb.o [1]
  .text              ro code  0x080017b8     0x4  startup_stm32f103xb.o [1]
  .text              ro code  0x080017bc     0x4  startup_stm32f103xb.o [1]
  .text              ro code  0x080017c0     0x4  startup_stm32f103xb.o [1]
  .text              ro code  0x080017c4     0x4  startup_stm32f103xb.o [1]
  .text              ro code  0x080017c8     0x4  startup_stm32f103xb.o [1]
  .text              ro code  0x080017cc     0x4  startup_stm32f103xb.o [1]
  .text              ro code  0x080017d0     0x4  startup_stm32f103xb.o [1]
  .text              ro code  0x080017d4     0x4  startup_stm32f103xb.o [1]
  .text              ro code  0x080017d8     0x4  startup_stm32f103xb.o [1]
  .text              ro code  0x080017dc     0x4  startup_stm32f103xb.o [1]
  .text              ro code  0x080017e0     0x4  startup_stm32f103xb.o [1]
  .text              ro code  0x080017e4     0x4  startup_stm32f103xb.o [1]
  .text              ro code  0x080017e8     0x4  startup_stm32f103xb.o [1]
  .text              ro code  0x080017ec     0x4  startup_stm32f103xb.o [1]
  .text              ro code  0x080017f0     0x4  startup_stm32f103xb.o [1]
  .text              ro code  0x080017f4     0x4  startup_stm32f103xb.o [1]
  .text              ro code  0x080017f8     0x4  startup_stm32f103xb.o [1]
  .text              ro code  0x080017fc     0x4  startup_stm32f103xb.o [1]
  .text              ro code  0x08001800     0x4  startup_stm32f103xb.o [1]
  .text              ro code  0x08001804     0x4  startup_stm32f103xb.o [1]
  .text              ro code  0x08001808     0x4  startup_stm32f103xb.o [1]
  .text              ro code  0x0800180c     0x4  startup_stm32f103xb.o [1]
  .text              ro code  0x08001810     0x4  startup_stm32f103xb.o [1]
  .text              ro code  0x08001814     0x4  startup_stm32f103xb.o [1]
  .text              ro code  0x08001818     0x4  startup_stm32f103xb.o [1]
  .text              ro code  0x0800181c     0x4  startup_stm32f103xb.o [1]
  .text              ro code  0x08001820     0x4  startup_stm32f103xb.o [1]
  .text              ro code  0x08001824     0x4  startup_stm32f103xb.o [1]
  .text              ro code  0x08001828     0x4  startup_stm32f103xb.o [1]
  .text              ro code  0x0800182c     0x4  startup_stm32f103xb.o [1]
  .text              ro code  0x08001830     0x4  startup_stm32f103xb.o [1]
  .text              ro code  0x08001834     0x4  startup_stm32f103xb.o [1]
  .text              ro code  0x08001838     0x4  startup_stm32f103xb.o [1]
  .text              ro code  0x0800183c     0x4  startup_stm32f103xb.o [1]
  .text              ro code  0x08001840     0x4  startup_stm32f103xb.o [1]
  .text              ro code  0x08001844     0x4  startup_stm32f103xb.o [1]
  .text              ro code  0x08001848     0x4  startup_stm32f103xb.o [1]
  .text              ro code  0x0800184c     0x4  startup_stm32f103xb.o [1]
  .text              ro code  0x08001850     0x4  startup_stm32f103xb.o [1]
  .text              ro code  0x08001854     0x4  startup_stm32f103xb.o [1]
  .text              ro code  0x08001858     0x4  startup_stm32f103xb.o [1]
  .text              ro code  0x0800185c     0x4  startup_stm32f103xb.o [1]
  .rodata            const    0x08001860     0x0  zero_init3.o [5]
  .rodata            const    0x08001860     0x0  copy_init3.o [5]
  Initializer bytes  ro data  0x08001860    0xdc  <for P2 s0>
                            - 0x0800193c  0x1850

"P2", part 1 of 3:                          0xdc
  P2 s0                       0x20000000    0xdc  <Init block>
    .data            inited   0x20000000    0xc0  main.o [1]
    .data            inited   0x200000c0    0x10  stm32f1xx_it.o [1]
    .data            inited   0x200000d0     0x8  XShttio.o [3]
    .data            inited   0x200000d8     0x4  system_stm32f1xx.o [1]
                            - 0x200000dc    0xdc

"P2", part 2 of 3:                         0x24c
  .bss               zero     0x200000dc   0x104  main.o [1]
  .bss               zero     0x200001e0   0x100  main.o [1]
  .bss               zero     0x200002e0    0x40  main.o [1]
  .bss               zero     0x20000320     0x4  stm32f1xx_hal.o [1]
                            - 0x20000324   0x248

"P2", part 3 of 3:                         0x400
  CSTACK                      0x20000328   0x400  <Block>
    CSTACK           uninit   0x20000328   0x400  <Block tail>
                            - 0x20000728   0x400


*******************************************************************************
*** INIT TABLE
***

          Address     Size
          -------     ----
Zero (__iar_zero_init3)
    1 destination range, total size 0x248:
          0x200000dc  0x248

Copy (__iar_copy_init3)
    1 source range, total size 0xdc:
          0x08001860   0xdc
    1 destination range, total size 0xdc:
          0x20000000   0xdc



*******************************************************************************
*** MODULE SUMMARY
***

    Module                  ro code  ro data  rw data
    ------                  -------  -------  -------
C:\Users\stjfk\Documents\stm_projects\znpshit\uart2530stm\EWARM\uart2530stm Configuration\Obj: [1]
    main.o                      776      192      772
    startup_stm32f103xb.o       436
    stm32f1xx_hal.o             116                 4
    stm32f1xx_hal_cortex.o      246
    stm32f1xx_hal_gpio.o        474
    stm32f1xx_hal_msp.o         284
    stm32f1xx_hal_rcc.o       1 472
    stm32f1xx_hal_tim.o         846
    stm32f1xx_hal_tim_ex.o       90
    stm32f1xx_hal_uart.o        904
    stm32f1xx_it.o              106       16       16
    system_stm32f1xx.o           76        4        4
    -------------------------------------------------
    Total:                    5 826      212      796

command line: [2]
    -------------------------------------------------
    Total:

dl7M_tlf.a: [3]
    XShttio.o                     8        8        8
    exit.o                        4
    low_level_init.o              4
    -------------------------------------------------
    Total:                       16        8        8

m7M_tl.a: [4]
    -------------------------------------------------
    Total:

rt7M_tl.a: [5]
    ABImemcpy.o                 118
    cexit.o                      10
    cmain.o                      22
    copy_init3.o                 46
    cstartup_M.o                 12
    data_init.o                  40
    zero_init3.o                 34
    -------------------------------------------------
    Total:                      282

shb_l.a: [6]
    exit.o                       20
    iarttio.o                    48
    -------------------------------------------------
    Total:                       68

    Gaps                         12
    Linker created                        36    1 024
-----------------------------------------------------
    Grand Total:              6 204      256    1 828


*******************************************************************************
*** ENTRY LIST
***

Entry                      Address   Size  Type      Object
-----                      -------   ----  ----      ------
?main                   0x0800174d         Code  Gb  cmain.o [5]
ADC1_2_IRQHandler       0x0800180d         Code  Wk  startup_stm32f103xb.o [1]
BusFault_Handler        0x080017b1         Code  Wk  startup_stm32f103xb.o [1]
CAN1_RX1_IRQHandler     0x08001819         Code  Wk  startup_stm32f103xb.o [1]
CAN1_SCE_IRQHandler     0x0800181d         Code  Wk  startup_stm32f103xb.o [1]
CSTACK$$Base            0x20000328          --   Gb  - Linker created -
CSTACK$$Limit           0x20000728          --   Gb  - Linker created -
DMA1_Channel1_IRQHandler
                        0x080017f1         Code  Wk  startup_stm32f103xb.o [1]
DMA1_Channel2_IRQHandler
                        0x080017f5         Code  Wk  startup_stm32f103xb.o [1]
DMA1_Channel3_IRQHandler
                        0x080017f9         Code  Wk  startup_stm32f103xb.o [1]
DMA1_Channel4_IRQHandler
                        0x080017fd         Code  Wk  startup_stm32f103xb.o [1]
DMA1_Channel5_IRQHandler
                        0x08001801         Code  Wk  startup_stm32f103xb.o [1]
DMA1_Channel6_IRQHandler
                        0x08001805         Code  Wk  startup_stm32f103xb.o [1]
DMA1_Channel7_IRQHandler
                        0x08001809         Code  Wk  startup_stm32f103xb.o [1]
DebugMon_Handler        0x080017bd         Code  Wk  startup_stm32f103xb.o [1]
EXTI0_IRQHandler        0x080017dd         Code  Wk  startup_stm32f103xb.o [1]
EXTI15_10_IRQHandler    0x08001655   0x26  Code  Gb  stm32f1xx_it.o [1]
EXTI1_IRQHandler        0x080017e1         Code  Wk  startup_stm32f103xb.o [1]
EXTI2_IRQHandler        0x080017e5         Code  Wk  startup_stm32f103xb.o [1]
EXTI3_IRQHandler        0x080017e9         Code  Wk  startup_stm32f103xb.o [1]
EXTI4_IRQHandler        0x080017ed         Code  Wk  startup_stm32f103xb.o [1]
EXTI9_5_IRQHandler      0x08001821         Code  Wk  startup_stm32f103xb.o [1]
FLASH_IRQHandler        0x080017d5         Code  Wk  startup_stm32f103xb.o [1]
HAL_Delay               0x08000701   0x18  Code  Wk  stm32f1xx_hal.o [1]
HAL_GPIO_EXTI_Callback  0x08000bd1    0x2  Code  Wk  stm32f1xx_hal_gpio.o [1]
HAL_GPIO_EXTI_IRQHandler
                        0x08000b83   0x14  Code  Gb  stm32f1xx_hal_gpio.o [1]
HAL_GPIO_Init           0x080009f9  0x176  Code  Gb  stm32f1xx_hal_gpio.o [1]
HAL_GPIO_ReadPin        0x08000b6f    0xc  Code  Gb  stm32f1xx_hal_gpio.o [1]
HAL_GPIO_WritePin       0x08000b7b    0x8  Code  Gb  stm32f1xx_hal_gpio.o [1]
HAL_GetTick             0x080006fb    0x6  Code  Wk  stm32f1xx_hal.o [1]
HAL_IncTick             0x080006f1    0xa  Code  Wk  stm32f1xx_hal.o [1]
HAL_Init                0x080006ad   0x20  Code  Gb  stm32f1xx_hal.o [1]
HAL_InitTick            0x080006cd   0x24  Code  Wk  stm32f1xx_hal.o [1]
HAL_MspInit             0x080008dd   0x2c  Code  Gb  stm32f1xx_hal_msp.o [1]
HAL_NVIC_EnableIRQ      0x08000845    0x6  Code  Gb  stm32f1xx_hal_cortex.o [1]
HAL_NVIC_SetPriority    0x08000803   0x42  Code  Gb  stm32f1xx_hal_cortex.o [1]
HAL_NVIC_SetPriorityGrouping
                        0x080007e9   0x1a  Code  Gb  stm32f1xx_hal_cortex.o [1]
HAL_RCC_CSSCallback     0x08000685    0x2  Code  Wk  stm32f1xx_hal_rcc.o [1]
HAL_RCC_ClockConfig     0x080003ff  0x19e  Code  Gb  stm32f1xx_hal_rcc.o [1]
HAL_RCC_GetHCLKFreq     0x080005fd   0x1e  Code  Gb  stm32f1xx_hal_rcc.o [1]
HAL_RCC_GetPCLK1Freq    0x0800061b   0x14  Code  Gb  stm32f1xx_hal_rcc.o [1]
HAL_RCC_GetPCLK2Freq    0x0800062f   0x12  Code  Gb  stm32f1xx_hal_rcc.o [1]
HAL_RCC_GetSysClockFreq
                        0x080005ab   0x52  Code  Gb  stm32f1xx_hal_rcc.o [1]
HAL_RCC_NMI_IRQHandler  0x08000647   0x14  Code  Gb  stm32f1xx_hal_rcc.o [1]
HAL_RCC_OscConfig       0x080000ed  0x2ee  Code  Gb  stm32f1xx_hal_rcc.o [1]
HAL_SYSTICK_CLKSourceConfig
                        0x08000883   0x14  Code  Gb  stm32f1xx_hal_cortex.o [1]
HAL_SYSTICK_Callback    0x080008b9    0x2  Code  Wk  stm32f1xx_hal_cortex.o [1]
HAL_SYSTICK_Config      0x0800085b   0x28  Code  Gb  stm32f1xx_hal_cortex.o [1]
HAL_SYSTICK_IRQHandler  0x080008b1    0x8  Code  Gb  stm32f1xx_hal_cortex.o [1]
HAL_TIMEx_BreakCallback
                        0x0800160d    0x2  Code  Wk  stm32f1xx_hal_tim_ex.o [1]
HAL_TIMEx_CommutationCallback
                        0x0800160b    0x2  Code  Wk  stm32f1xx_hal_tim_ex.o [1]
HAL_TIMEx_MasterConfigSynchronization
                        0x080015c1   0x4a  Code  Gb  stm32f1xx_hal_tim_ex.o [1]
HAL_TIM_Base_Init       0x08001265   0x1a  Code  Gb  stm32f1xx_hal_tim.o [1]
HAL_TIM_Base_MspInit    0x08000909   0x34  Code  Gb  stm32f1xx_hal_msp.o [1]
HAL_TIM_Base_Start_IT   0x0800127f   0x16  Code  Gb  stm32f1xx_hal_tim.o [1]
HAL_TIM_ConfigClockSource
                        0x080013ff   0xb4  Code  Gb  stm32f1xx_hal_tim.o [1]
HAL_TIM_IC_CaptureCallback
                        0x080014d7    0x2  Code  Wk  stm32f1xx_hal_tim.o [1]
HAL_TIM_IRQHandler      0x080012b5  0x14a  Code  Gb  stm32f1xx_hal_tim.o [1]
HAL_TIM_OC_DelayElapsedCallback
                        0x080014d5    0x2  Code  Wk  stm32f1xx_hal_tim.o [1]
HAL_TIM_PWM_PulseFinishedCallback
                        0x080014d9    0x2  Code  Wk  stm32f1xx_hal_tim.o [1]
HAL_TIM_PeriodElapsedCallback
                        0x080014d3    0x2  Code  Wk  stm32f1xx_hal_tim.o [1]
HAL_TIM_TriggerCallback
                        0x080014db    0x2  Code  Wk  stm32f1xx_hal_tim.o [1]
HAL_UART_ErrorCallback  0x08000e11    0x2  Code  Wk  stm32f1xx_hal_uart.o [1]
HAL_UART_IRQHandler     0x08000cff  0x112  Code  Gb  stm32f1xx_hal_uart.o [1]
HAL_UART_Init           0x08000bd5   0x30  Code  Gb  stm32f1xx_hal_uart.o [1]
HAL_UART_MspInit        0x0800093d   0x96  Code  Gb  stm32f1xx_hal_msp.o [1]
HAL_UART_Receive_IT     0x08000c91   0x68  Code  Gb  stm32f1xx_hal_uart.o [1]
HAL_UART_RxCpltCallback
                        0x08000f75   0x8c  Code  Gb  main.o [1]
HAL_UART_Transmit_IT    0x08000c3d   0x54  Code  Gb  stm32f1xx_hal_uart.o [1]
HAL_UART_TxCpltCallback
                        0x08000f73    0x2  Code  Gb  main.o [1]
HardFault_Handler       0x080017a9         Code  Wk  startup_stm32f103xb.o [1]
I2C1_ER_IRQHandler      0x08001841         Code  Wk  startup_stm32f103xb.o [1]
I2C1_EV_IRQHandler      0x0800183d         Code  Wk  startup_stm32f103xb.o [1]
I2C2_ER_IRQHandler      0x08001849         Code  Wk  startup_stm32f103xb.o [1]
I2C2_EV_IRQHandler      0x08001845         Code  Wk  startup_stm32f103xb.o [1]
MemManage_Handler       0x080017ad         Code  Wk  startup_stm32f103xb.o [1]
NMI_Handler             0x08001611    0x4  Code  Gb  stm32f1xx_it.o [1]
NVIC_GetPriorityGrouping
                        0x080007c5    0xa  Code  Lc  stm32f1xx_hal_cortex.o [1]
NVIC_SetPriority        0x080007cf   0x1a  Code  Lc  stm32f1xx_hal_cortex.o [1]
PVD_IRQHandler          0x080017c9         Code  Wk  startup_stm32f103xb.o [1]
PendSV_Handler          0x080017c1         Code  Wk  startup_stm32f103xb.o [1]
RCC_IRQHandler          0x080017d9         Code  Wk  startup_stm32f103xb.o [1]
RTC_Alarm_IRQHandler    0x08001859         Code  Wk  startup_stm32f103xb.o [1]
RTC_IRQHandler          0x080017d1         Code  Wk  startup_stm32f103xb.o [1]
Region$$Table$$Base     0x08001728          --   Gb  - Linker created -
Region$$Table$$Limit    0x0800174c          --   Gb  - Linker created -
Reset_Handler           0x0800178d         Code  Wk  startup_stm32f103xb.o [1]
SETUP_1                 0x20000088    0x8  Data  Gb  main.o [1]
SETUP_2                 0x20000090    0xc  Data  Gb  main.o [1]
SETUP_3                 0x2000009c   0x1c  Data  Gb  main.o [1]
SETUP_START             0x200000b8    0x8  Data  Gb  main.o [1]
SPI1_IRQHandler         0x0800184d         Code  Wk  startup_stm32f103xb.o [1]
SPI2_IRQHandler         0x08001851         Code  Wk  startup_stm32f103xb.o [1]
SVC_Handler             0x080017b9         Code  Wk  startup_stm32f103xb.o [1]
SYS_RESET_REQ           0x20000080    0x8  Data  Gb  main.o [1]
SysTick_Handler         0x08001615    0xe  Code  Gb  stm32f1xx_it.o [1]
SystemClock_Config      0x0800120f   0x54  Code  Gb  main.o [1]
SystemCoreClock         0x200000d8    0x4  Data  Gb  system_stm32f1xx.o [1]
SystemInit              0x0800167d   0x3a  Code  Gb  system_stm32f1xx.o [1]
TAMPER_IRQHandler       0x080017cd         Code  Wk  startup_stm32f103xb.o [1]
TIM1_BRK_IRQHandler     0x08001825         Code  Wk  startup_stm32f103xb.o [1]
TIM1_CC_IRQHandler      0x08001831         Code  Wk  startup_stm32f103xb.o [1]
TIM1_TRG_COM_IRQHandler
                        0x0800182d         Code  Wk  startup_stm32f103xb.o [1]
TIM1_UP_IRQHandler      0x08001829         Code  Wk  startup_stm32f103xb.o [1]
TIM2_IRQHandler         0x08001623   0x16  Code  Gb  stm32f1xx_it.o [1]
TIM3_IRQHandler         0x08001835         Code  Wk  startup_stm32f103xb.o [1]
TIM4_IRQHandler         0x08001839         Code  Wk  startup_stm32f103xb.o [1]
TIM_Base_SetConfig      0x080014dd   0x56  Code  Gb  stm32f1xx_hal_tim.o [1]
TIM_ETR_SetConfig       0x0800159f   0x14  Code  Lc  stm32f1xx_hal_tim.o [1]
TIM_ITRx_SetConfig      0x0800158f   0x10  Code  Lc  stm32f1xx_hal_tim.o [1]
TIM_TI1_ConfigInputStage
                        0x08001549   0x22  Code  Lc  stm32f1xx_hal_tim.o [1]
TIM_TI2_ConfigInputStage
                        0x0800156b   0x24  Code  Lc  stm32f1xx_hal_tim.o [1]
UART_Receive_IT         0x08000e13   0xa0  Code  Lc  stm32f1xx_hal_uart.o [1]
UART_SetConfig          0x08000eb3   0x9e  Code  Lc  stm32f1xx_hal_uart.o [1]
USART1_IRQHandler       0x08001639    0x6  Code  Gb  stm32f1xx_it.o [1]
USART2_IRQHandler       0x0800163f    0x6  Code  Gb  stm32f1xx_it.o [1]
USART3_IRQHandler       0x08001855         Code  Wk  startup_stm32f103xb.o [1]
USBWakeUp_IRQHandler    0x0800185d         Code  Wk  startup_stm32f103xb.o [1]
USB_HP_CAN1_TX_IRQHandler
                        0x08001811         Code  Wk  startup_stm32f103xb.o [1]
USB_LP_CAN1_RX0_IRQHandler
                        0x08001815         Code  Wk  startup_stm32f103xb.o [1]
UsageFault_Handler      0x080017b5         Code  Wk  startup_stm32f103xb.o [1]
WWDG_IRQHandler         0x080017c5         Code  Wk  startup_stm32f103xb.o [1]
__aeabi_memcpy          0x08000721         Code  Gb  ABImemcpy.o [5]
__aeabi_memcpy4         0x08000741         Code  Gb  ABImemcpy.o [5]
__aeabi_memcpy8         0x08000741         Code  Gb  ABImemcpy.o [5]
__cmain                 0x0800174d         Code  Gb  cmain.o [5]
__exit                  0x08001779   0x14  Code  Gb  exit.o [6]
__iar_close_ttio        0x080016c9   0x2e  Code  Gb  iarttio.o [6]
__iar_copy_init3        0x08000797   0x2e  Code  Gb  copy_init3.o [5]
__iar_data_init3        0x08001701   0x28  Code  Gb  data_init.o [5]
__iar_lookup_ttioh      0x080016f9    0x8  Code  Gb  XShttio.o [3]
__iar_program_start     0x0800179d         Code  Gb  cstartup_M.o [5]
__iar_ttio_handles      0x200000d0    0x8  Data  Lc  XShttio.o [3]
__iar_zero_init3        0x080008bb   0x22  Code  Gb  zero_init3.o [5]
__low_level_init        0x08001763    0x4  Code  Gb  low_level_init.o [3]
__vector_table          0x08000000         Data  Gb  startup_stm32f103xb.o [1]
_call_main              0x08001759         Code  Gb  cmain.o [5]
_exit                   0x0800176d         Code  Gb  cexit.o [5]
_main                   0x0800175f         Code  Gb  cmain.o [5]
aAPBAHBPrescTable       0x0800069c   0x10  Data  Gb  stm32f1xx_hal_rcc.o [1]
calcFCS                 0x08000f5d   0x16  Code  Gb  main.o [1]
cts                     0x20000000    0x1  Data  Gb  main.o [1]
exit                    0x08001767    0x4  Code  Gb  exit.o [3]
gff                     0x200000e0  0x100  Data  Gb  main.o [1]
gff_len                 0x200000dc    0x1  Data  Gb  main.o [1]
htim2                   0x20000044   0x3c  Data  Gb  main.o [1]
huart1                  0x200002e0   0x40  Data  Gb  main.o [1]
huart2                  0x20000004   0x40  Data  Gb  main.o [1]
main                    0x08001065  0x176  Code  Gb  main.o [1]
msg                     0x200000c0   0x10  Data  Gb  stm32f1xx_it.o [1]
perform_setup           0x08001005   0x60  Code  Gb  main.o [1]
receive_buffer_1        0x200001e0  0x100  Data  Gb  main.o [1]
s_state                 0x20000001    0x1  Data  Gb  main.o [1]
state                   0x200000dd    0x1  Data  Gb  main.o [1]
uwTick                  0x20000320    0x4  Data  Lc  stm32f1xx_hal.o [1]


[1] = C:\Users\stjfk\Documents\stm_projects\znpshit\uart2530stm\EWARM\uart2530stm Configuration\Obj
[2] = command line
[3] = dl7M_tlf.a
[4] = m7M_tl.a
[5] = rt7M_tl.a
[6] = shb_l.a

  6 204 bytes of readonly  code memory
    256 bytes of readonly  data memory
  1 828 bytes of readwrite data memory

Errors: none
Warnings: none
